19:12:00 **** Build of configuration Debug for project NUCLEO-G431RB_HelloWorld ****
make -j24 all 
arm-none-eabi-gcc "../Drivers/STM32G4xx_HAL_Driver/Src/stm32g4xx_hal.c" -mcpu=cortex-m4 -std=gnu11 -g3 -DDEBUG -DUSE_HAL_DRIVER -DSTM32G431xx -c -I../Core/Inc -I../Drivers/STM32G4xx_HAL_Driver/Inc -I../Drivers/STM32G4xx_HAL_Driver/Inc/Legacy -I../Drivers/CMSIS/Device/ST/STM32G4xx/Include -I../Drivers/CMSIS/Include -O0 -ffunction-sections -fdata-sections -Wall -fstack-usage -fcyclomatic-complexity -MMD -MP -MF"Drivers/STM32G4xx_HAL_Driver/Src/stm32g4xx_hal.d" -MT"Drivers/STM32G4xx_HAL_Driver/Src/stm32g4xx_hal.o" --specs=nano.specs -mfpu=fpv4-sp-d16 -mfloat-abi=hard -mthumb -o "Drivers/STM32G4xx_HAL_Driver/Src/stm32g4xx_hal.o"
arm-none-eabi-gcc "../Drivers/STM32G4xx_HAL_Driver/Src/stm32g4xx_hal_cortex.c" -mcpu=cortex-m4 -std=gnu11 -g3 -DDEBUG -DUSE_HAL_DRIVER -DSTM32G431xx -c -I../Core/Inc -I../Drivers/STM32G4xx_HAL_Driver/Inc -I../Drivers/STM32G4xx_HAL_Driver/Inc/Legacy -I../Drivers/CMSIS/Device/ST/STM32G4xx/Include -I../Drivers/CMSIS/Include -O0 -ffunction-sections -fdata-sections -Wall -fstack-usage -fcyclomatic-complexity -MMD -MP -MF"Drivers/STM32G4xx_HAL_Driver/Src/stm32g4xx_hal_cortex.d" -MT"Drivers/STM32G4xx_HAL_Driver/Src/stm32g4xx_hal_cortex.o" --specs=nano.specs -mfpu=fpv4-sp-d16 -mfloat-abi=hard -mthumb -o "Drivers/STM32G4xx_HAL_Driver/Src/stm32g4xx_hal_cortex.o"
arm-none-eabi-gcc "../Drivers/STM32G4xx_HAL_Driver/Src/stm32g4xx_hal_dma.c" -mcpu=cortex-m4 -std=gnu11 -g3 -DDEBUG -DUSE_HAL_DRIVER -DSTM32G431xx -c -I../Core/Inc -I../Drivers/STM32G4xx_HAL_Driver/Inc -I../Drivers/STM32G4xx_HAL_Driver/Inc/Legacy -I../Drivers/CMSIS/Device/ST/STM32G4xx/Include -I../Drivers/CMSIS/Include -O0 -ffunction-sections -fdata-sections -Wall -fstack-usage -fcyclomatic-complexity -MMD -MP -MF"Drivers/STM32G4xx_HAL_Driver/Src/stm32g4xx_hal_dma.d" -MT"Drivers/STM32G4xx_HAL_Driver/Src/stm32g4xx_hal_dma.o" --specs=nano.specs -mfpu=fpv4-sp-d16 -mfloat-abi=hard -mthumb -o "Drivers/STM32G4xx_HAL_Driver/Src/stm32g4xx_hal_dma.o"
arm-none-eabi-gcc "../Drivers/STM32G4xx_HAL_Driver/Src/stm32g4xx_hal_dma_ex.c" -mcpu=cortex-m4 -std=gnu11 -g3 -DDEBUG -DUSE_HAL_DRIVER -DSTM32G431xx -c -I../Core/Inc -I../Drivers/STM32G4xx_HAL_Driver/Inc -I../Drivers/STM32G4xx_HAL_Driver/Inc/Legacy -I../Drivers/CMSIS/Device/ST/STM32G4xx/Include -I../Drivers/CMSIS/Include -O0 -ffunction-sections -fdata-sections -Wall -fstack-usage -fcyclomatic-complexity -MMD -MP -MF"Drivers/STM32G4xx_HAL_Driver/Src/stm32g4xx_hal_dma_ex.d" -MT"Drivers/STM32G4xx_HAL_Driver/Src/stm32g4xx_hal_dma_ex.o" --specs=nano.specs -mfpu=fpv4-sp-d16 -mfloat-abi=hard -mthumb -o "Drivers/STM32G4xx_HAL_Driver/Src/stm32g4xx_hal_dma_ex.o"
arm-none-eabi-gcc "../Drivers/STM32G4xx_HAL_Driver/Src/stm32g4xx_hal_exti.c" -mcpu=cortex-m4 -std=gnu11 -g3 -DDEBUG -DUSE_HAL_DRIVER -DSTM32G431xx -c -I../Core/Inc -I../Drivers/STM32G4xx_HAL_Driver/Inc -I../Drivers/STM32G4xx_HAL_Driver/Inc/Legacy -I../Drivers/CMSIS/Device/ST/STM32G4xx/Include -I../Drivers/CMSIS/Include -O0 -ffunction-sections -fdata-sections -Wall -fstack-usage -fcyclomatic-complexity -MMD -MP -MF"Drivers/STM32G4xx_HAL_Driver/Src/stm32g4xx_hal_exti.d" -MT"Drivers/STM32G4xx_HAL_Driver/Src/stm32g4xx_hal_exti.o" --specs=nano.specs -mfpu=fpv4-sp-d16 -mfloat-abi=hard -mthumb -o "Drivers/STM32G4xx_HAL_Driver/Src/stm32g4xx_hal_exti.o"
arm-none-eabi-gcc "../Drivers/STM32G4xx_HAL_Driver/Src/stm32g4xx_hal_flash.c" -mcpu=cortex-m4 -std=gnu11 -g3 -DDEBUG -DUSE_HAL_DRIVER -DSTM32G431xx -c -I../Core/Inc -I../Drivers/STM32G4xx_HAL_Driver/Inc -I../Drivers/STM32G4xx_HAL_Driver/Inc/Legacy -I../Drivers/CMSIS/Device/ST/STM32G4xx/Include -I../Drivers/CMSIS/Include -O0 -ffunction-sections -fdata-sections -Wall -fstack-usage -fcyclomatic-complexity -MMD -MP -MF"Drivers/STM32G4xx_HAL_Driver/Src/stm32g4xx_hal_flash.d" -MT"Drivers/STM32G4xx_HAL_Driver/Src/stm32g4xx_hal_flash.o" --specs=nano.specs -mfpu=fpv4-sp-d16 -mfloat-abi=hard -mthumb -o "Drivers/STM32G4xx_HAL_Driver/Src/stm32g4xx_hal_flash.o"
arm-none-eabi-gcc "../Drivers/STM32G4xx_HAL_Driver/Src/stm32g4xx_hal_flash_ex.c" -mcpu=cortex-m4 -std=gnu11 -g3 -DDEBUG -DUSE_HAL_DRIVER -DSTM32G431xx -c -I../Core/Inc -I../Drivers/STM32G4xx_HAL_Driver/Inc -I../Drivers/STM32G4xx_HAL_Driver/Inc/Legacy -I../Drivers/CMSIS/Device/ST/STM32G4xx/Include -I../Drivers/CMSIS/Include -O0 -ffunction-sections -fdata-sections -Wall -fstack-usage -fcyclomatic-complexity -MMD -MP -MF"Drivers/STM32G4xx_HAL_Driver/Src/stm32g4xx_hal_flash_ex.d" -MT"Drivers/STM32G4xx_HAL_Driver/Src/stm32g4xx_hal_flash_ex.o" --specs=nano.specs -mfpu=fpv4-sp-d16 -mfloat-abi=hard -mthumb -o "Drivers/STM32G4xx_HAL_Driver/Src/stm32g4xx_hal_flash_ex.o"
arm-none-eabi-gcc "../Drivers/STM32G4xx_HAL_Driver/Src/stm32g4xx_hal_flash_ramfunc.c" -mcpu=cortex-m4 -std=gnu11 -g3 -DDEBUG -DUSE_HAL_DRIVER -DSTM32G431xx -c -I../Core/Inc -I../Drivers/STM32G4xx_HAL_Driver/Inc -I../Drivers/STM32G4xx_HAL_Driver/Inc/Legacy -I../Drivers/CMSIS/Device/ST/STM32G4xx/Include -I../Drivers/CMSIS/Include -O0 -ffunction-sections -fdata-sections -Wall -fstack-usage -fcyclomatic-complexity -MMD -MP -MF"Drivers/STM32G4xx_HAL_Driver/Src/stm32g4xx_hal_flash_ramfunc.d" -MT"Drivers/STM32G4xx_HAL_Driver/Src/stm32g4xx_hal_flash_ramfunc.o" --specs=nano.specs -mfpu=fpv4-sp-d16 -mfloat-abi=hard -mthumb -o "Drivers/STM32G4xx_HAL_Driver/Src/stm32g4xx_hal_flash_ramfunc.o"
arm-none-eabi-gcc "../Drivers/STM32G4xx_HAL_Driver/Src/stm32g4xx_hal_gpio.c" -mcpu=cortex-m4 -std=gnu11 -g3 -DDEBUG -DUSE_HAL_DRIVER -DSTM32G431xx -c -I../Core/Inc -I../Drivers/STM32G4xx_HAL_Driver/Inc -I../Drivers/STM32G4xx_HAL_Driver/Inc/Legacy -I../Drivers/CMSIS/Device/ST/STM32G4xx/Include -I../Drivers/CMSIS/Include -O0 -ffunction-sections -fdata-sections -Wall -fstack-usage -fcyclomatic-complexity -MMD -MP -MF"Drivers/STM32G4xx_HAL_Driver/Src/stm32g4xx_hal_gpio.d" -MT"Drivers/STM32G4xx_HAL_Driver/Src/stm32g4xx_hal_gpio.o" --specs=nano.specs -mfpu=fpv4-sp-d16 -mfloat-abi=hard -mthumb -o "Drivers/STM32G4xx_HAL_Driver/Src/stm32g4xx_hal_gpio.o"
arm-none-eabi-gcc "../Drivers/STM32G4xx_HAL_Driver/Src/stm32g4xx_hal_pwr.c" -mcpu=cortex-m4 -std=gnu11 -g3 -DDEBUG -DUSE_HAL_DRIVER -DSTM32G431xx -c -I../Core/Inc -I../Drivers/STM32G4xx_HAL_Driver/Inc -I../Drivers/STM32G4xx_HAL_Driver/Inc/Legacy -I../Drivers/CMSIS/Device/ST/STM32G4xx/Include -I../Drivers/CMSIS/Include -O0 -ffunction-sections -fdata-sections -Wall -fstack-usage -fcyclomatic-complexity -MMD -MP -MF"Drivers/STM32G4xx_HAL_Driver/Src/stm32g4xx_hal_pwr.d" -MT"Drivers/STM32G4xx_HAL_Driver/Src/stm32g4xx_hal_pwr.o" --specs=nano.specs -mfpu=fpv4-sp-d16 -mfloat-abi=hard -mthumb -o "Drivers/STM32G4xx_HAL_Driver/Src/stm32g4xx_hal_pwr.o"
arm-none-eabi-gcc "../Drivers/STM32G4xx_HAL_Driver/Src/stm32g4xx_hal_pwr_ex.c" -mcpu=cortex-m4 -std=gnu11 -g3 -DDEBUG -DUSE_HAL_DRIVER -DSTM32G431xx -c -I../Core/Inc -I../Drivers/STM32G4xx_HAL_Driver/Inc -I../Drivers/STM32G4xx_HAL_Driver/Inc/Legacy -I../Drivers/CMSIS/Device/ST/STM32G4xx/Include -I../Drivers/CMSIS/Include -O0 -ffunction-sections -fdata-sections -Wall -fstack-usage -fcyclomatic-complexity -MMD -MP -MF"Drivers/STM32G4xx_HAL_Driver/Src/stm32g4xx_hal_pwr_ex.d" -MT"Drivers/STM32G4xx_HAL_Driver/Src/stm32g4xx_hal_pwr_ex.o" --specs=nano.specs -mfpu=fpv4-sp-d16 -mfloat-abi=hard -mthumb -o "Drivers/STM32G4xx_HAL_Driver/Src/stm32g4xx_hal_pwr_ex.o"
arm-none-eabi-gcc "../Drivers/STM32G4xx_HAL_Driver/Src/stm32g4xx_hal_rcc.c" -mcpu=cortex-m4 -std=gnu11 -g3 -DDEBUG -DUSE_HAL_DRIVER -DSTM32G431xx -c -I../Core/Inc -I../Drivers/STM32G4xx_HAL_Driver/Inc -I../Drivers/STM32G4xx_HAL_Driver/Inc/Legacy -I../Drivers/CMSIS/Device/ST/STM32G4xx/Include -I../Drivers/CMSIS/Include -O0 -ffunction-sections -fdata-sections -Wall -fstack-usage -fcyclomatic-complexity -MMD -MP -MF"Drivers/STM32G4xx_HAL_Driver/Src/stm32g4xx_hal_rcc.d" -MT"Drivers/STM32G4xx_HAL_Driver/Src/stm32g4xx_hal_rcc.o" --specs=nano.specs -mfpu=fpv4-sp-d16 -mfloat-abi=hard -mthumb -o "Drivers/STM32G4xx_HAL_Driver/Src/stm32g4xx_hal_rcc.o"
arm-none-eabi-gcc "../Drivers/STM32G4xx_HAL_Driver/Src/stm32g4xx_hal_rcc_ex.c" -mcpu=cortex-m4 -std=gnu11 -g3 -DDEBUG -DUSE_HAL_DRIVER -DSTM32G431xx -c -I../Core/Inc -I../Drivers/STM32G4xx_HAL_Driver/Inc -I../Drivers/STM32G4xx_HAL_Driver/Inc/Legacy -I../Drivers/CMSIS/Device/ST/STM32G4xx/Include -I../Drivers/CMSIS/Include -O0 -ffunction-sections -fdata-sections -Wall -fstack-usage -fcyclomatic-complexity -MMD -MP -MF"Drivers/STM32G4xx_HAL_Driver/Src/stm32g4xx_hal_rcc_ex.d" -MT"Drivers/STM32G4xx_HAL_Driver/Src/stm32g4xx_hal_rcc_ex.o" --specs=nano.specs -mfpu=fpv4-sp-d16 -mfloat-abi=hard -mthumb -o "Drivers/STM32G4xx_HAL_Driver/Src/stm32g4xx_hal_rcc_ex.o"
arm-none-eabi-gcc "../Drivers/STM32G4xx_HAL_Driver/Src/stm32g4xx_hal_tim.c" -mcpu=cortex-m4 -std=gnu11 -g3 -DDEBUG -DUSE_HAL_DRIVER -DSTM32G431xx -c -I../Core/Inc -I../Drivers/STM32G4xx_HAL_Driver/Inc -I../Drivers/STM32G4xx_HAL_Driver/Inc/Legacy -I../Drivers/CMSIS/Device/ST/STM32G4xx/Include -I../Drivers/CMSIS/Include -O0 -ffunction-sections -fdata-sections -Wall -fstack-usage -fcyclomatic-complexity -MMD -MP -MF"Drivers/STM32G4xx_HAL_Driver/Src/stm32g4xx_hal_tim.d" -MT"Drivers/STM32G4xx_HAL_Driver/Src/stm32g4xx_hal_tim.o" --specs=nano.specs -mfpu=fpv4-sp-d16 -mfloat-abi=hard -mthumb -o "Drivers/STM32G4xx_HAL_Driver/Src/stm32g4xx_hal_tim.o"
arm-none-eabi-gcc "../Drivers/STM32G4xx_HAL_Driver/Src/stm32g4xx_hal_tim_ex.c" -mcpu=cortex-m4 -std=gnu11 -g3 -DDEBUG -DUSE_HAL_DRIVER -DSTM32G431xx -c -I../Core/Inc -I../Drivers/STM32G4xx_HAL_Driver/Inc -I../Drivers/STM32G4xx_HAL_Driver/Inc/Legacy -I../Drivers/CMSIS/Device/ST/STM32G4xx/Include -I../Drivers/CMSIS/Include -O0 -ffunction-sections -fdata-sections -Wall -fstack-usage -fcyclomatic-complexity -MMD -MP -MF"Drivers/STM32G4xx_HAL_Driver/Src/stm32g4xx_hal_tim_ex.d" -MT"Drivers/STM32G4xx_HAL_Driver/Src/stm32g4xx_hal_tim_ex.o" --specs=nano.specs -mfpu=fpv4-sp-d16 -mfloat-abi=hard -mthumb -o "Drivers/STM32G4xx_HAL_Driver/Src/stm32g4xx_hal_tim_ex.o"
arm-none-eabi-gcc "../Drivers/STM32G4xx_HAL_Driver/Src/stm32g4xx_hal_uart.c" -mcpu=cortex-m4 -std=gnu11 -g3 -DDEBUG -DUSE_HAL_DRIVER -DSTM32G431xx -c -I../Core/Inc -I../Drivers/STM32G4xx_HAL_Driver/Inc -I../Drivers/STM32G4xx_HAL_Driver/Inc/Legacy -I../Drivers/CMSIS/Device/ST/STM32G4xx/Include -I../Drivers/CMSIS/Include -O0 -ffunction-sections -fdata-sections -Wall -fstack-usage -fcyclomatic-complexity -MMD -MP -MF"Drivers/STM32G4xx_HAL_Driver/Src/stm32g4xx_hal_uart.d" -MT"Drivers/STM32G4xx_HAL_Driver/Src/stm32g4xx_hal_uart.o" --specs=nano.specs -mfpu=fpv4-sp-d16 -mfloat-abi=hard -mthumb -o "Drivers/STM32G4xx_HAL_Driver/Src/stm32g4xx_hal_uart.o"
arm-none-eabi-gcc "../Drivers/STM32G4xx_HAL_Driver/Src/stm32g4xx_hal_uart_ex.c" -mcpu=cortex-m4 -std=gnu11 -g3 -DDEBUG -DUSE_HAL_DRIVER -DSTM32G431xx -c -I../Core/Inc -I../Drivers/STM32G4xx_HAL_Driver/Inc -I../Drivers/STM32G4xx_HAL_Driver/Inc/Legacy -I../Drivers/CMSIS/Device/ST/STM32G4xx/Include -I../Drivers/CMSIS/Include -O0 -ffunction-sections -fdata-sections -Wall -fstack-usage -fcyclomatic-complexity -MMD -MP -MF"Drivers/STM32G4xx_HAL_Driver/Src/stm32g4xx_hal_uart_ex.d" -MT"Drivers/STM32G4xx_HAL_Driver/Src/stm32g4xx_hal_uart_ex.o" --specs=nano.specs -mfpu=fpv4-sp-d16 -mfloat-abi=hard -mthumb -o "Drivers/STM32G4xx_HAL_Driver/Src/stm32g4xx_hal_uart_ex.o"
arm-none-eabi-gcc -mcpu=cortex-m4 -g3 -DDEBUG -c -x assembler-with-cpp -MMD -MP -MF"Core/Startup/startup_stm32g431rbtx.d" -MT"Core/Startup/startup_stm32g431rbtx.o" --specs=nano.specs -mfpu=fpv4-sp-d16 -mfloat-abi=hard -mthumb -o "Core/Startup/startup_stm32g431rbtx.o" "../Core/Startup/startup_stm32g431rbtx.s"
arm-none-eabi-gcc "../Core/Src/gpio.c" -mcpu=cortex-m4 -std=gnu11 -g3 -DDEBUG -DUSE_HAL_DRIVER -DSTM32G431xx -c -I../Core/Inc -I../Drivers/STM32G4xx_HAL_Driver/Inc -I../Drivers/STM32G4xx_HAL_Driver/Inc/Legacy -I../Drivers/CMSIS/Device/ST/STM32G4xx/Include -I../Drivers/CMSIS/Include -O0 -ffunction-sections -fdata-sections -Wall -fstack-usage -fcyclomatic-complexity -MMD -MP -MF"Core/Src/gpio.d" -MT"Core/Src/gpio.o" --specs=nano.specs -mfpu=fpv4-sp-d16 -mfloat-abi=hard -mthumb -o "Core/Src/gpio.o"
arm-none-eabi-gcc "../Core/Src/main.c" -mcpu=cortex-m4 -std=gnu11 -g3 -DDEBUG -DUSE_HAL_DRIVER -DSTM32G431xx -c -I../Core/Inc -I../Drivers/STM32G4xx_HAL_Driver/Inc -I../Drivers/STM32G4xx_HAL_Driver/Inc/Legacy -I../Drivers/CMSIS/Device/ST/STM32G4xx/Include -I../Drivers/CMSIS/Include -O0 -ffunction-sections -fdata-sections -Wall -fstack-usage -fcyclomatic-complexity -MMD -MP -MF"Core/Src/main.d" -MT"Core/Src/main.o" --specs=nano.specs -mfpu=fpv4-sp-d16 -mfloat-abi=hard -mthumb -o "Core/Src/main.o"
arm-none-eabi-gcc "../Core/Src/stm32g4xx_hal_msp.c" -mcpu=cortex-m4 -std=gnu11 -g3 -DDEBUG -DUSE_HAL_DRIVER -DSTM32G431xx -c -I../Core/Inc -I../Drivers/STM32G4xx_HAL_Driver/Inc -I../Drivers/STM32G4xx_HAL_Driver/Inc/Legacy -I../Drivers/CMSIS/Device/ST/STM32G4xx/Include -I../Drivers/CMSIS/Include -O0 -ffunction-sections -fdata-sections -Wall -fstack-usage -fcyclomatic-complexity -MMD -MP -MF"Core/Src/stm32g4xx_hal_msp.d" -MT"Core/Src/stm32g4xx_hal_msp.o" --specs=nano.specs -mfpu=fpv4-sp-d16 -mfloat-abi=hard -mthumb -o "Core/Src/stm32g4xx_hal_msp.o"
arm-none-eabi-gcc "../Core/Src/stm32g4xx_it.c" -mcpu=cortex-m4 -std=gnu11 -g3 -DDEBUG -DUSE_HAL_DRIVER -DSTM32G431xx -c -I../Core/Inc -I../Drivers/STM32G4xx_HAL_Driver/Inc -I../Drivers/STM32G4xx_HAL_Driver/Inc/Legacy -I../Drivers/CMSIS/Device/ST/STM32G4xx/Include -I../Drivers/CMSIS/Include -O0 -ffunction-sections -fdata-sections -Wall -fstack-usage -fcyclomatic-complexity -MMD -MP -MF"Core/Src/stm32g4xx_it.d" -MT"Core/Src/stm32g4xx_it.o" --specs=nano.specs -mfpu=fpv4-sp-d16 -mfloat-abi=hard -mthumb -o "Core/Src/stm32g4xx_it.o"
arm-none-eabi-gcc "../Core/Src/syscalls.c" -mcpu=cortex-m4 -std=gnu11 -g3 -DDEBUG -DUSE_HAL_DRIVER -DSTM32G431xx -c -I../Core/Inc -I../Drivers/STM32G4xx_HAL_Driver/Inc -I../Drivers/STM32G4xx_HAL_Driver/Inc/Legacy -I../Drivers/CMSIS/Device/ST/STM32G4xx/Include -I../Drivers/CMSIS/Include -O0 -ffunction-sections -fdata-sections -Wall -fstack-usage -fcyclomatic-complexity -MMD -MP -MF"Core/Src/syscalls.d" -MT"Core/Src/syscalls.o" --specs=nano.specs -mfpu=fpv4-sp-d16 -mfloat-abi=hard -mthumb -o "Core/Src/syscalls.o"
arm-none-eabi-gcc "../Core/Src/sysmem.c" -mcpu=cortex-m4 -std=gnu11 -g3 -DDEBUG -DUSE_HAL_DRIVER -DSTM32G431xx -c -I../Core/Inc -I../Drivers/STM32G4xx_HAL_Driver/Inc -I../Drivers/STM32G4xx_HAL_Driver/Inc/Legacy -I../Drivers/CMSIS/Device/ST/STM32G4xx/Include -I../Drivers/CMSIS/Include -O0 -ffunction-sections -fdata-sections -Wall -fstack-usage -fcyclomatic-complexity -MMD -MP -MF"Core/Src/sysmem.d" -MT"Core/Src/sysmem.o" --specs=nano.specs -mfpu=fpv4-sp-d16 -mfloat-abi=hard -mthumb -o "Core/Src/sysmem.o"
arm-none-eabi-gcc "../Core/Src/system_stm32g4xx.c" -mcpu=cortex-m4 -std=gnu11 -g3 -DDEBUG -DUSE_HAL_DRIVER -DSTM32G431xx -c -I../Core/Inc -I../Drivers/STM32G4xx_HAL_Driver/Inc -I../Drivers/STM32G4xx_HAL_Driver/Inc/Legacy -I../Drivers/CMSIS/Device/ST/STM32G4xx/Include -I../Drivers/CMSIS/Include -O0 -ffunction-sections -fdata-sections -Wall -fstack-usage -fcyclomatic-complexity -MMD -MP -MF"Core/Src/system_stm32g4xx.d" -MT"Core/Src/system_stm32g4xx.o" --specs=nano.specs -mfpu=fpv4-sp-d16 -mfloat-abi=hard -mthumb -o "Core/Src/system_stm32g4xx.o"
arm-none-eabi-gcc "../Core/Src/usart.c" -mcpu=cortex-m4 -std=gnu11 -g3 -DDEBUG -DUSE_HAL_DRIVER -DSTM32G431xx -c -I../Core/Inc -I../Drivers/STM32G4xx_HAL_Driver/Inc -I../Drivers/STM32G4xx_HAL_Driver/Inc/Legacy -I../Drivers/CMSIS/Device/ST/STM32G4xx/Include -I../Drivers/CMSIS/Include -O0 -ffunction-sections -fdata-sections -Wall -fstack-usage -fcyclomatic-complexity -MMD -MP -MF"Core/Src/usart.d" -MT"Core/Src/usart.o" --specs=nano.specs -mfpu=fpv4-sp-d16 -mfloat-abi=hard -mthumb -o "Core/Src/usart.o"
arm-none-eabi-gcc -o "NUCLEO-G431RB_HelloWorld.elf" @"objects.list"   -mcpu=cortex-m4 -T"/home/nicolas/git/2324_ENSEA_3A/NUCLEO-G431RB_HelloWorld/STM32G431RBTX_FLASH.ld" --specs=nosys.specs -Wl,-Map="NUCLEO-G431RB_HelloWorld.map" -Wl,--gc-sections -static --specs=nano.specs -mfpu=fpv4-sp-d16 -mfloat-abi=hard -mthumb -Wl,--start-group -lc -lm -Wl,--end-group
Finished building target: NUCLEO-G431RB_HelloWorld.elf
 
arm-none-eabi-size   NUCLEO-G431RB_HelloWorld.elf 
arm-none-eabi-objdump -h -S  NUCLEO-G431RB_HelloWorld.elf  > "NUCLEO-G431RB_HelloWorld.list"
   text	   data	    bss	    dec	    hex	filename
  11108	     20	   1716	  12844	   322c	NUCLEO-G431RB_HelloWorld.elf
Finished building: default.size.stdout
 
Finished building: NUCLEO-G431RB_HelloWorld.list
 
19:12:32 **** Incremental Build of configuration Debug for project NUCLEO-G431RB_HelloWorld ****
make -j24 all 
arm-none-eabi-size   NUCLEO-G431RB_HelloWorld.elf 
   text	   data	    bss	    dec	    hex	filename
  11108	     20	   1716	  12844	   322c	NUCLEO-G431RB_HelloWorld.elf
Finished building: default.size.stdout
 
19:15:27 **** Incremental Build of configuration Debug for project NUCLEO-G431RB_HelloWorld ****
make -j24 all 
arm-none-eabi-gcc "../Core/Src/main.c" -mcpu=cortex-m4 -std=gnu11 -g3 -DDEBUG -DUSE_HAL_DRIVER -DSTM32G431xx -c -I../Core/Inc -I../Drivers/STM32G4xx_HAL_Driver/Inc -I../Drivers/STM32G4xx_HAL_Driver/Inc/Legacy -I../Drivers/CMSIS/Device/ST/STM32G4xx/Include -I../Drivers/CMSIS/Include -O0 -ffunction-sections -fdata-sections -Wall -fstack-usage -fcyclomatic-complexity -MMD -MP -MF"Core/Src/main.d" -MT"Core/Src/main.o" --specs=nano.specs -mfpu=fpv4-sp-d16 -mfloat-abi=hard -mthumb -o "Core/Src/main.o"
../Core/Src/main.c:36:22: error: expected identifier or '(' before numeric constant
   36 | #define uartTxBuffer 32
      |                      ^~
../Core/Src/main.c:47:9: note: in expansion of macro 'uartTxBuffer'
   47 | uint8_t uartTxBuffer[UART_TX_BUFFER_SIZE];
      |         ^~~~~~~~~~~~
../Core/Src/main.c: In function 'main':
../Core/Src/main.c:99:17: error: 'uartTxSize' undeclared (first use in this function)
   99 |                 uartTxSize = snprintf(uartTxBuffer, UART_TX_BUFFER_SIZE, "Time : %4d\r\n", time);
      |                 ^~~~~~~~~~
../Core/Src/main.c:99:17: note: each undeclared identifier is reported only once for each function it appears in
../Core/Src/main.c:99:30: warning: implicit declaration of function 'snprintf' [-Wimplicit-function-declaration]
   99 |                 uartTxSize = snprintf(uartTxBuffer, UART_TX_BUFFER_SIZE, "Time : %4d\r\n", time);
      |                              ^~~~~~~~
../Core/Src/main.c:23:1: note: include '<stdio.h>' or provide a declaration of 'snprintf'
   22 | #include "gpio.h"
  +++ |+#include <stdio.h>
   23 | 
../Core/Src/main.c:99:30: warning: incompatible implicit declaration of built-in function 'snprintf' [-Wbuiltin-declaration-mismatch]
   99 |                 uartTxSize = snprintf(uartTxBuffer, UART_TX_BUFFER_SIZE, "Time : %4d\r\n", time);
      |                              ^~~~~~~~
../Core/Src/main.c:99:30: note: include '<stdio.h>' or provide a declaration of 'snprintf'
../Core/Src/main.c:99:53: error: 'UART_TX_BUFFER_SIZE' undeclared (first use in this function)
   99 |                 uartTxSize = snprintf(uartTxBuffer, UART_TX_BUFFER_SIZE, "Time : %4d\r\n", time);
      |                                                     ^~~~~~~~~~~~~~~~~~~
../Core/Src/main.c:36:22: warning: passing argument 1 of 'snprintf' makes pointer from integer without a cast [-Wint-conversion]
   36 | #define uartTxBuffer 32
      |                      ^~
      |                      |
      |                      int
../Core/Src/main.c:99:39: note: in expansion of macro 'uartTxBuffer'
   99 |                 uartTxSize = snprintf(uartTxBuffer, UART_TX_BUFFER_SIZE, "Time : %4d\r\n", time);
      |                                       ^~~~~~~~~~~~
../Core/Src/main.c:36:22: note: expected 'char *' but argument is of type 'int'
   36 | #define uartTxBuffer 32
      |                      ^~
../Core/Src/main.c:99:39: note: in expansion of macro 'uartTxBuffer'
   99 |                 uartTxSize = snprintf(uartTxBuffer, UART_TX_BUFFER_SIZE, "Time : %4d\r\n", time);
      |                                       ^~~~~~~~~~~~
../Core/Src/main.c:36:22: warning: passing argument 2 of 'HAL_UART_Transmit' makes pointer from integer without a cast [-Wint-conversion]
   36 | #define uartTxBuffer 32
      |                      ^~
      |                      |
      |                      int
../Core/Src/main.c:100:46: note: in expansion of macro 'uartTxBuffer'
  100 |                 HAL_UART_Transmit(&hlpuart1, uartTxBuffer, uartTxSize, HAL_MAX_DELAY);
      |                                              ^~~~~~~~~~~~
In file included from ../Core/Inc/stm32g4xx_hal_conf.h:348,
                 from ../Drivers/STM32G4xx_HAL_Driver/Inc/stm32g4xx_hal.h:29,
                 from ../Core/Inc/main.h:30,
                 from ../Core/Src/main.c:20:
../Drivers/STM32G4xx_HAL_Driver/Inc/stm32g4xx_hal_uart.h:1611:79: note: expected 'const uint8_t *' {aka 'const unsigned char *'} but argument is of type 'int'
 1611 | HAL_StatusTypeDef HAL_UART_Transmit(UART_HandleTypeDef *huart, const uint8_t *pData, uint16_t Size, uint32_t Timeout);
      |                                                                ~~~~~~~~~~~~~~~^~~~~
make: *** [Core/Src/subdir.mk:40: Core/Src/main.o] Error 1
"make -j24 all" terminated with exit code 2. Build might be incomplete.
19:15:43 **** Incremental Build of configuration Debug for project NUCLEO-G431RB_HelloWorld ****
make -j24 all 
arm-none-eabi-gcc "../Core/Src/main.c" -mcpu=cortex-m4 -std=gnu11 -g3 -DDEBUG -DUSE_HAL_DRIVER -DSTM32G431xx -c -I../Core/Inc -I../Drivers/STM32G4xx_HAL_Driver/Inc -I../Drivers/STM32G4xx_HAL_Driver/Inc/Legacy -I../Drivers/CMSIS/Device/ST/STM32G4xx/Include -I../Drivers/CMSIS/Include -O0 -ffunction-sections -fdata-sections -Wall -fstack-usage -fcyclomatic-complexity -MMD -MP -MF"Core/Src/main.d" -MT"Core/Src/main.o" --specs=nano.specs -mfpu=fpv4-sp-d16 -mfloat-abi=hard -mthumb -o "Core/Src/main.o"
../Core/Src/main.c: In function 'main':
../Core/Src/main.c:99:17: error: 'uartTxSize' undeclared (first use in this function)
   99 |                 uartTxSize = snprintf(uartTxBuffer, UART_TX_BUFFER_SIZE, "Time : %4d\r\n", time);
      |                 ^~~~~~~~~~
../Core/Src/main.c:99:17: note: each undeclared identifier is reported only once for each function it appears in
../Core/Src/main.c:99:30: warning: implicit declaration of function 'snprintf' [-Wimplicit-function-declaration]
   99 |                 uartTxSize = snprintf(uartTxBuffer, UART_TX_BUFFER_SIZE, "Time : %4d\r\n", time);
      |                              ^~~~~~~~
../Core/Src/main.c:23:1: note: include '<stdio.h>' or provide a declaration of 'snprintf'
   22 | #include "gpio.h"
  +++ |+#include <stdio.h>
   23 | 
../Core/Src/main.c:99:30: warning: incompatible implicit declaration of built-in function 'snprintf' [-Wbuiltin-declaration-mismatch]
   99 |                 uartTxSize = snprintf(uartTxBuffer, UART_TX_BUFFER_SIZE, "Time : %4d\r\n", time);
      |                              ^~~~~~~~
../Core/Src/main.c:99:30: note: include '<stdio.h>' or provide a declaration of 'snprintf'
../Core/Src/main.c:99:39: warning: pointer targets in passing argument 1 of 'snprintf' differ in signedness [-Wpointer-sign]
   99 |                 uartTxSize = snprintf(uartTxBuffer, UART_TX_BUFFER_SIZE, "Time : %4d\r\n", time);
      |                                       ^~~~~~~~~~~~
      |                                       |
      |                                       uint8_t * {aka unsigned char *}
../Core/Src/main.c:99:39: note: expected 'char *' but argument is of type 'uint8_t *' {aka 'unsigned char *'}
../Core/Src/main.c:99:84: warning: format '%d' expects argument of type 'int', but argument 4 has type 'uint32_t' {aka 'long unsigned int'} [-Wformat=]
   99 |                 uartTxSize = snprintf(uartTxBuffer, UART_TX_BUFFER_SIZE, "Time : %4d\r\n", time);
      |                                                                                  ~~^       ~~~~
      |                                                                                    |       |
      |                                                                                    int     uint32_t {aka long unsigned int}
      |                                                                                  %4ld
make: *** [Core/Src/subdir.mk:40: Core/Src/main.o] Error 1
"make -j24 all" terminated with exit code 2. Build might be incomplete.
19:16:16 **** Incremental Build of configuration Debug for project NUCLEO-G431RB_HelloWorld ****
make -j24 all 
arm-none-eabi-gcc "../Core/Src/main.c" -mcpu=cortex-m4 -std=gnu11 -g3 -DDEBUG -DUSE_HAL_DRIVER -DSTM32G431xx -c -I../Core/Inc -I../Drivers/STM32G4xx_HAL_Driver/Inc -I../Drivers/STM32G4xx_HAL_Driver/Inc/Legacy -I../Drivers/CMSIS/Device/ST/STM32G4xx/Include -I../Drivers/CMSIS/Include -O0 -ffunction-sections -fdata-sections -Wall -fstack-usage -fcyclomatic-complexity -MMD -MP -MF"Core/Src/main.d" -MT"Core/Src/main.o" --specs=nano.specs -mfpu=fpv4-sp-d16 -mfloat-abi=hard -mthumb -o "Core/Src/main.o"
../Core/Src/main.c: In function 'main':
../Core/Src/main.c:102:30: warning: implicit declaration of function 'snprintf' [-Wimplicit-function-declaration]
  102 |                 uartTxSize = snprintf(uartTxBuffer, UART_TX_BUFFER_SIZE, "Time : %4d\r\n", time);
      |                              ^~~~~~~~
../Core/Src/main.c:23:1: note: include '<stdio.h>' or provide a declaration of 'snprintf'
   22 | #include "gpio.h"
  +++ |+#include <stdio.h>
   23 | 
../Core/Src/main.c:102:30: warning: incompatible implicit declaration of built-in function 'snprintf' [-Wbuiltin-declaration-mismatch]
  102 |                 uartTxSize = snprintf(uartTxBuffer, UART_TX_BUFFER_SIZE, "Time : %4d\r\n", time);
      |                              ^~~~~~~~
../Core/Src/main.c:102:30: note: include '<stdio.h>' or provide a declaration of 'snprintf'
../Core/Src/main.c:102:39: warning: pointer targets in passing argument 1 of 'snprintf' differ in signedness [-Wpointer-sign]
  102 |                 uartTxSize = snprintf(uartTxBuffer, UART_TX_BUFFER_SIZE, "Time : %4d\r\n", time);
      |                                       ^~~~~~~~~~~~
      |                                       |
      |                                       uint8_t * {aka unsigned char *}
../Core/Src/main.c:102:39: note: expected 'char *' but argument is of type 'uint8_t *' {aka 'unsigned char *'}
../Core/Src/main.c:102:84: warning: format '%d' expects argument of type 'int', but argument 4 has type 'uint32_t' {aka 'long unsigned int'} [-Wformat=]
  102 |                 uartTxSize = snprintf(uartTxBuffer, UART_TX_BUFFER_SIZE, "Time : %4d\r\n", time);
      |                                                                                  ~~^       ~~~~
      |                                                                                    |       |
      |                                                                                    int     uint32_t {aka long unsigned int}
      |                                                                                  %4ld
arm-none-eabi-gcc -o "NUCLEO-G431RB_HelloWorld.elf" @"objects.list"   -mcpu=cortex-m4 -T"/home/nicolas/git/2324_ENSEA_3A/NUCLEO-G431RB_HelloWorld/STM32G431RBTX_FLASH.ld" --specs=nosys.specs -Wl,-Map="NUCLEO-G431RB_HelloWorld.map" -Wl,--gc-sections -static --specs=nano.specs -mfpu=fpv4-sp-d16 -mfloat-abi=hard -mthumb -Wl,--start-group -lc -lm -Wl,--end-group
Finished building target: NUCLEO-G431RB_HelloWorld.elf
 
arm-none-eabi-size   NUCLEO-G431RB_HelloWorld.elf 
arm-none-eabi-objdump -h -S  NUCLEO-G431RB_HelloWorld.elf  > "NUCLEO-G431RB_HelloWorld.list"
   text	   data	    bss	    dec	    hex	filename
  14128	    100	   2076	  16304	   3fb0	NUCLEO-G431RB_HelloWorld.elf
Finished building: default.size.stdout
 
Finished building: NUCLEO-G431RB_HelloWorld.list
 
19:16:41 **** Incremental Build of configuration Debug for project NUCLEO-G431RB_HelloWorld ****
make -j24 all 
arm-none-eabi-gcc "../Core/Src/main.c" -mcpu=cortex-m4 -std=gnu11 -g3 -DDEBUG -DUSE_HAL_DRIVER -DSTM32G431xx -c -I../Core/Inc -I../Drivers/STM32G4xx_HAL_Driver/Inc -I../Drivers/STM32G4xx_HAL_Driver/Inc/Legacy -I../Drivers/CMSIS/Device/ST/STM32G4xx/Include -I../Drivers/CMSIS/Include -O0 -ffunction-sections -fdata-sections -Wall -fstack-usage -fcyclomatic-complexity -MMD -MP -MF"Core/Src/main.d" -MT"Core/Src/main.o" --specs=nano.specs -mfpu=fpv4-sp-d16 -mfloat-abi=hard -mthumb -o "Core/Src/main.o"
../Core/Src/main.c: In function 'main':
../Core/Src/main.c:102:30: warning: implicit declaration of function 'snprintf' [-Wimplicit-function-declaration]
  102 |                 uartTxSize = snprintf(uartTxBuffer, UART_TX_BUFFER_SIZE, "Time : %4d sec...\r\n", time);
      |                              ^~~~~~~~
../Core/Src/main.c:23:1: note: include '<stdio.h>' or provide a declaration of 'snprintf'
   22 | #include "gpio.h"
  +++ |+#include <stdio.h>
   23 | 
../Core/Src/main.c:102:30: warning: incompatible implicit declaration of built-in function 'snprintf' [-Wbuiltin-declaration-mismatch]
  102 |                 uartTxSize = snprintf(uartTxBuffer, UART_TX_BUFFER_SIZE, "Time : %4d sec...\r\n", time);
      |                              ^~~~~~~~
../Core/Src/main.c:102:30: note: include '<stdio.h>' or provide a declaration of 'snprintf'
../Core/Src/main.c:102:39: warning: pointer targets in passing argument 1 of 'snprintf' differ in signedness [-Wpointer-sign]
  102 |                 uartTxSize = snprintf(uartTxBuffer, UART_TX_BUFFER_SIZE, "Time : %4d sec...\r\n", time);
      |                                       ^~~~~~~~~~~~
      |                                       |
      |                                       uint8_t * {aka unsigned char *}
../Core/Src/main.c:102:39: note: expected 'char *' but argument is of type 'uint8_t *' {aka 'unsigned char *'}
../Core/Src/main.c:102:84: warning: format '%d' expects argument of type 'int', but argument 4 has type 'uint32_t' {aka 'long unsigned int'} [-Wformat=]
  102 |                 uartTxSize = snprintf(uartTxBuffer, UART_TX_BUFFER_SIZE, "Time : %4d sec...\r\n", time);
      |                                                                                  ~~^              ~~~~
      |                                                                                    |              |
      |                                                                                    int            uint32_t {aka long unsigned int}
      |                                                                                  %4ld
arm-none-eabi-gcc -o "NUCLEO-G431RB_HelloWorld.elf" @"objects.list"   -mcpu=cortex-m4 -T"/home/nicolas/git/2324_ENSEA_3A/NUCLEO-G431RB_HelloWorld/STM32G431RBTX_FLASH.ld" --specs=nosys.specs -Wl,-Map="NUCLEO-G431RB_HelloWorld.map" -Wl,--gc-sections -static --specs=nano.specs -mfpu=fpv4-sp-d16 -mfloat-abi=hard -mthumb -Wl,--start-group -lc -lm -Wl,--end-group
Finished building target: NUCLEO-G431RB_HelloWorld.elf
 
arm-none-eabi-size   NUCLEO-G431RB_HelloWorld.elf 
arm-none-eabi-objdump -h -S  NUCLEO-G431RB_HelloWorld.elf  > "NUCLEO-G431RB_HelloWorld.list"
   text	   data	    bss	    dec	    hex	filename
  14132	    100	   2076	  16308	   3fb4	NUCLEO-G431RB_HelloWorld.elf
Finished building: default.size.stdout
 
Finished building: NUCLEO-G431RB_HelloWorld.list
 
19:17:10 **** Incremental Build of configuration Debug for project NUCLEO-G431RB_HelloWorld ****
make -j24 all 
arm-none-eabi-gcc "../Core/Src/main.c" -mcpu=cortex-m4 -std=gnu11 -g3 -DDEBUG -DUSE_HAL_DRIVER -DSTM32G431xx -c -I../Core/Inc -I../Drivers/STM32G4xx_HAL_Driver/Inc -I../Drivers/STM32G4xx_HAL_Driver/Inc/Legacy -I../Drivers/CMSIS/Device/ST/STM32G4xx/Include -I../Drivers/CMSIS/Include -O0 -ffunction-sections -fdata-sections -Wall -fstack-usage -fcyclomatic-complexity -MMD -MP -MF"Core/Src/main.d" -MT"Core/Src/main.o" --specs=nano.specs -mfpu=fpv4-sp-d16 -mfloat-abi=hard -mthumb -o "Core/Src/main.o"
../Core/Src/main.c: In function 'main':
../Core/Src/main.c:93:22: warning: implicit declaration of function 'snprintf' [-Wimplicit-function-declaration]
   93 |         uartTxSize = snprintf(uartTxBuffer, UART_TX_BUFFER_SIZE, "Starting MSC project on Nucleo-G431RB\r\n", time);
      |                      ^~~~~~~~
../Core/Src/main.c:23:1: note: include '<stdio.h>' or provide a declaration of 'snprintf'
   22 | #include "gpio.h"
  +++ |+#include <stdio.h>
   23 | 
../Core/Src/main.c:93:22: warning: incompatible implicit declaration of built-in function 'snprintf' [-Wbuiltin-declaration-mismatch]
   93 |         uartTxSize = snprintf(uartTxBuffer, UART_TX_BUFFER_SIZE, "Starting MSC project on Nucleo-G431RB\r\n", time);
      |                      ^~~~~~~~
../Core/Src/main.c:93:22: note: include '<stdio.h>' or provide a declaration of 'snprintf'
../Core/Src/main.c:93:31: warning: pointer targets in passing argument 1 of 'snprintf' differ in signedness [-Wpointer-sign]
   93 |         uartTxSize = snprintf(uartTxBuffer, UART_TX_BUFFER_SIZE, "Starting MSC project on Nucleo-G431RB\r\n", time);
      |                               ^~~~~~~~~~~~
      |                               |
      |                               uint8_t * {aka unsigned char *}
../Core/Src/main.c:93:31: note: expected 'char *' but argument is of type 'uint8_t *' {aka 'unsigned char *'}
../Core/Src/main.c:93:66: warning: too many arguments for format [-Wformat-extra-args]
   93 |         uartTxSize = snprintf(uartTxBuffer, UART_TX_BUFFER_SIZE, "Starting MSC project on Nucleo-G431RB\r\n", time);
      |                                                                  ^~~~~~~~~~~~~~~~~~~~~~~~~~~~~~~~~~~~~~~~~~~
../Core/Src/main.c:103:39: warning: pointer targets in passing argument 1 of 'snprintf' differ in signedness [-Wpointer-sign]
  103 |                 uartTxSize = snprintf(uartTxBuffer, UART_TX_BUFFER_SIZE, "Time : %4d sec...\r\n", time);
      |                                       ^~~~~~~~~~~~
      |                                       |
      |                                       uint8_t * {aka unsigned char *}
../Core/Src/main.c:103:39: note: expected 'char *' but argument is of type 'uint8_t *' {aka 'unsigned char *'}
../Core/Src/main.c:103:84: warning: format '%d' expects argument of type 'int', but argument 4 has type 'uint32_t' {aka 'long unsigned int'} [-Wformat=]
  103 |                 uartTxSize = snprintf(uartTxBuffer, UART_TX_BUFFER_SIZE, "Time : %4d sec...\r\n", time);
      |                                                                                  ~~^              ~~~~
      |                                                                                    |              |
      |                                                                                    int            uint32_t {aka long unsigned int}
      |                                                                                  %4ld
../Core/Src/main.c:93:22: warning: 'Starting MSC project on Nucl...' directive output truncated writing 39 bytes into a region of size 32 [-Wformat-truncation=]
   93 |         uartTxSize = snprintf(uartTxBuffer, UART_TX_BUFFER_SIZE, "Starting MSC project on Nucleo-G431RB\r\n", time);
      |                      ^~~~~~~~~~~~~~~~~~~~~~~~~~~~~~~~~~~~~~~~~~~~~~~~~~~~~~~~~~~~~~~~~~~~~~~~~~~~~~~~~~~~~~~~~~~~~~
../Core/Src/main.c:93:22: note: 'snprintf' output 40 bytes into a destination of size 32
arm-none-eabi-gcc -o "NUCLEO-G431RB_HelloWorld.elf" @"objects.list"   -mcpu=cortex-m4 -T"/home/nicolas/git/2324_ENSEA_3A/NUCLEO-G431RB_HelloWorld/STM32G431RBTX_FLASH.ld" --specs=nosys.specs -Wl,-Map="NUCLEO-G431RB_HelloWorld.map" -Wl,--gc-sections -static --specs=nano.specs -mfpu=fpv4-sp-d16 -mfloat-abi=hard -mthumb -Wl,--start-group -lc -lm -Wl,--end-group
Finished building target: NUCLEO-G431RB_HelloWorld.elf
 
arm-none-eabi-size   NUCLEO-G431RB_HelloWorld.elf 
arm-none-eabi-objdump -h -S  NUCLEO-G431RB_HelloWorld.elf  > "NUCLEO-G431RB_HelloWorld.list"
   text	   data	    bss	    dec	    hex	filename
  14208	    100	   2076	  16384	   4000	NUCLEO-G431RB_HelloWorld.elf
Finished building: default.size.stdout
 
Finished building: NUCLEO-G431RB_HelloWorld.list
 
19:17:47 **** Incremental Build of configuration Debug for project NUCLEO-G431RB_HelloWorld ****
make -j24 all 
arm-none-eabi-gcc "../Core/Src/main.c" -mcpu=cortex-m4 -std=gnu11 -g3 -DDEBUG -DUSE_HAL_DRIVER -DSTM32G431xx -c -I../Core/Inc -I../Drivers/STM32G4xx_HAL_Driver/Inc -I../Drivers/STM32G4xx_HAL_Driver/Inc/Legacy -I../Drivers/CMSIS/Device/ST/STM32G4xx/Include -I../Drivers/CMSIS/Include -O0 -ffunction-sections -fdata-sections -Wall -fstack-usage -fcyclomatic-complexity -MMD -MP -MF"Core/Src/main.d" -MT"Core/Src/main.o" --specs=nano.specs -mfpu=fpv4-sp-d16 -mfloat-abi=hard -mthumb -o "Core/Src/main.o"
../Core/Src/main.c: In function 'main':
../Core/Src/main.c:93:22: warning: implicit declaration of function 'snprintf' [-Wimplicit-function-declaration]
   93 |         uartTxSize = snprintf(uartTxBuffer, UART_TX_BUFFER_SIZE, "Starting MSC project on Nucleo-G431RB\r\n", time);
      |                      ^~~~~~~~
../Core/Src/main.c:23:1: note: include '<stdio.h>' or provide a declaration of 'snprintf'
   22 | #include "gpio.h"
  +++ |+#include <stdio.h>
   23 | 
../Core/Src/main.c:93:22: warning: incompatible implicit declaration of built-in function 'snprintf' [-Wbuiltin-declaration-mismatch]
   93 |         uartTxSize = snprintf(uartTxBuffer, UART_TX_BUFFER_SIZE, "Starting MSC project on Nucleo-G431RB\r\n", time);
      |                      ^~~~~~~~
../Core/Src/main.c:93:22: note: include '<stdio.h>' or provide a declaration of 'snprintf'
../Core/Src/main.c:93:31: warning: pointer targets in passing argument 1 of 'snprintf' differ in signedness [-Wpointer-sign]
   93 |         uartTxSize = snprintf(uartTxBuffer, UART_TX_BUFFER_SIZE, "Starting MSC project on Nucleo-G431RB\r\n", time);
      |                               ^~~~~~~~~~~~
      |                               |
      |                               uint8_t * {aka unsigned char *}
../Core/Src/main.c:93:31: note: expected 'char *' but argument is of type 'uint8_t *' {aka 'unsigned char *'}
../Core/Src/main.c:93:66: warning: too many arguments for format [-Wformat-extra-args]
   93 |         uartTxSize = snprintf(uartTxBuffer, UART_TX_BUFFER_SIZE, "Starting MSC project on Nucleo-G431RB\r\n", time);
      |                                                                  ^~~~~~~~~~~~~~~~~~~~~~~~~~~~~~~~~~~~~~~~~~~
../Core/Src/main.c:103:39: warning: pointer targets in passing argument 1 of 'snprintf' differ in signedness [-Wpointer-sign]
  103 |                 uartTxSize = snprintf(uartTxBuffer, UART_TX_BUFFER_SIZE, "Time : %4d sec...\r\n", time);
      |                                       ^~~~~~~~~~~~
      |                                       |
      |                                       uint8_t * {aka unsigned char *}
../Core/Src/main.c:103:39: note: expected 'char *' but argument is of type 'uint8_t *' {aka 'unsigned char *'}
../Core/Src/main.c:103:84: warning: format '%d' expects argument of type 'int', but argument 4 has type 'uint32_t' {aka 'long unsigned int'} [-Wformat=]
  103 |                 uartTxSize = snprintf(uartTxBuffer, UART_TX_BUFFER_SIZE, "Time : %4d sec...\r\n", time);
      |                                                                                  ~~^              ~~~~
      |                                                                                    |              |
      |                                                                                    int            uint32_t {aka long unsigned int}
      |                                                                                  %4ld
arm-none-eabi-gcc -o "NUCLEO-G431RB_HelloWorld.elf" @"objects.list"   -mcpu=cortex-m4 -T"/home/nicolas/git/2324_ENSEA_3A/NUCLEO-G431RB_HelloWorld/STM32G431RBTX_FLASH.ld" --specs=nosys.specs -Wl,-Map="NUCLEO-G431RB_HelloWorld.map" -Wl,--gc-sections -static --specs=nano.specs -mfpu=fpv4-sp-d16 -mfloat-abi=hard -mthumb -Wl,--start-group -lc -lm -Wl,--end-group
Finished building target: NUCLEO-G431RB_HelloWorld.elf
 
arm-none-eabi-size   NUCLEO-G431RB_HelloWorld.elf 
arm-none-eabi-objdump -h -S  NUCLEO-G431RB_HelloWorld.elf  > "NUCLEO-G431RB_HelloWorld.list"
   text	   data	    bss	    dec	    hex	filename
  14208	    100	   2108	  16416	   4020	NUCLEO-G431RB_HelloWorld.elf
Finished building: default.size.stdout
 
Finished building: NUCLEO-G431RB_HelloWorld.list
 
19:18:21 **** Incremental Build of configuration Debug for project NUCLEO-G431RB_HelloWorld ****
make -j24 all 
arm-none-eabi-gcc "../Core/Src/main.c" -mcpu=cortex-m4 -std=gnu11 -g3 -DDEBUG -DUSE_HAL_DRIVER -DSTM32G431xx -c -I../Core/Inc -I../Drivers/STM32G4xx_HAL_Driver/Inc -I../Drivers/STM32G4xx_HAL_Driver/Inc/Legacy -I../Drivers/CMSIS/Device/ST/STM32G4xx/Include -I../Drivers/CMSIS/Include -O0 -ffunction-sections -fdata-sections -Wall -fstack-usage -fcyclomatic-complexity -MMD -MP -MF"Core/Src/main.d" -MT"Core/Src/main.o" --specs=nano.specs -mfpu=fpv4-sp-d16 -mfloat-abi=hard -mthumb -o "Core/Src/main.o"
../Core/Src/main.c: In function 'main':
../Core/Src/main.c:93:22: warning: implicit declaration of function 'snprintf' [-Wimplicit-function-declaration]
   93 |         uartTxSize = snprintf(uartTxBuffer, UART_TX_BUFFER_SIZE, "Starting MSC project on Nucleo-G431RB\r\n");
      |                      ^~~~~~~~
../Core/Src/main.c:23:1: note: include '<stdio.h>' or provide a declaration of 'snprintf'
   22 | #include "gpio.h"
  +++ |+#include <stdio.h>
   23 | 
../Core/Src/main.c:93:22: warning: incompatible implicit declaration of built-in function 'snprintf' [-Wbuiltin-declaration-mismatch]
   93 |         uartTxSize = snprintf(uartTxBuffer, UART_TX_BUFFER_SIZE, "Starting MSC project on Nucleo-G431RB\r\n");
      |                      ^~~~~~~~
../Core/Src/main.c:93:22: note: include '<stdio.h>' or provide a declaration of 'snprintf'
../Core/Src/main.c:93:31: warning: pointer targets in passing argument 1 of 'snprintf' differ in signedness [-Wpointer-sign]
   93 |         uartTxSize = snprintf(uartTxBuffer, UART_TX_BUFFER_SIZE, "Starting MSC project on Nucleo-G431RB\r\n");
      |                               ^~~~~~~~~~~~
      |                               |
      |                               uint8_t * {aka unsigned char *}
../Core/Src/main.c:93:31: note: expected 'char *' but argument is of type 'uint8_t *' {aka 'unsigned char *'}
../Core/Src/main.c:103:39: warning: pointer targets in passing argument 1 of 'snprintf' differ in signedness [-Wpointer-sign]
  103 |                 uartTxSize = snprintf(uartTxBuffer, UART_TX_BUFFER_SIZE, "Time : %4d sec...\r\n", (int)time);
      |                                       ^~~~~~~~~~~~
      |                                       |
      |                                       uint8_t * {aka unsigned char *}
../Core/Src/main.c:103:39: note: expected 'char *' but argument is of type 'uint8_t *' {aka 'unsigned char *'}
arm-none-eabi-gcc -o "NUCLEO-G431RB_HelloWorld.elf" @"objects.list"   -mcpu=cortex-m4 -T"/home/nicolas/git/2324_ENSEA_3A/NUCLEO-G431RB_HelloWorld/STM32G431RBTX_FLASH.ld" --specs=nosys.specs -Wl,-Map="NUCLEO-G431RB_HelloWorld.map" -Wl,--gc-sections -static --specs=nano.specs -mfpu=fpv4-sp-d16 -mfloat-abi=hard -mthumb -Wl,--start-group -lc -lm -Wl,--end-group
Finished building target: NUCLEO-G431RB_HelloWorld.elf
 
arm-none-eabi-size   NUCLEO-G431RB_HelloWorld.elf 
arm-none-eabi-objdump -h -S  NUCLEO-G431RB_HelloWorld.elf  > "NUCLEO-G431RB_HelloWorld.list"
   text	   data	    bss	    dec	    hex	filename
  14208	    100	   2108	  16416	   4020	NUCLEO-G431RB_HelloWorld.elf
Finished building: default.size.stdout
 
Finished building: NUCLEO-G431RB_HelloWorld.list
 
19:18:41 **** Incremental Build of configuration Debug for project NUCLEO-G431RB_HelloWorld ****
make -j24 all 
arm-none-eabi-gcc "../Core/Src/main.c" -mcpu=cortex-m4 -std=gnu11 -g3 -DDEBUG -DUSE_HAL_DRIVER -DSTM32G431xx -c -I../Core/Inc -I../Drivers/STM32G4xx_HAL_Driver/Inc -I../Drivers/STM32G4xx_HAL_Driver/Inc/Legacy -I../Drivers/CMSIS/Device/ST/STM32G4xx/Include -I../Drivers/CMSIS/Include -O0 -ffunction-sections -fdata-sections -Wall -fstack-usage -fcyclomatic-complexity -MMD -MP -MF"Core/Src/main.d" -MT"Core/Src/main.o" --specs=nano.specs -mfpu=fpv4-sp-d16 -mfloat-abi=hard -mthumb -o "Core/Src/main.o"
../Core/Src/main.c: In function 'main':
../Core/Src/main.c:93:22: warning: implicit declaration of function 'snprintf' [-Wimplicit-function-declaration]
   93 |         uartTxSize = snprintf(uartTxBuffer, UART_TX_BUFFER_SIZE, "Starting MSC project on Nucleo-G431RB\r\n");
      |                      ^~~~~~~~
../Core/Src/main.c:23:1: note: include '<stdio.h>' or provide a declaration of 'snprintf'
   22 | #include "gpio.h"
  +++ |+#include <stdio.h>
   23 | 
../Core/Src/main.c:93:22: warning: incompatible implicit declaration of built-in function 'snprintf' [-Wbuiltin-declaration-mismatch]
   93 |         uartTxSize = snprintf(uartTxBuffer, UART_TX_BUFFER_SIZE, "Starting MSC project on Nucleo-G431RB\r\n");
      |                      ^~~~~~~~
../Core/Src/main.c:93:22: note: include '<stdio.h>' or provide a declaration of 'snprintf'
../Core/Src/main.c:93:31: warning: pointer targets in passing argument 1 of 'snprintf' differ in signedness [-Wpointer-sign]
   93 |         uartTxSize = snprintf(uartTxBuffer, UART_TX_BUFFER_SIZE, "Starting MSC project on Nucleo-G431RB\r\n");
      |                               ^~~~~~~~~~~~
      |                               |
      |                               uint8_t * {aka unsigned char *}
../Core/Src/main.c:93:31: note: expected 'char *' but argument is of type 'uint8_t *' {aka 'unsigned char *'}
arm-none-eabi-gcc -o "NUCLEO-G431RB_HelloWorld.elf" @"objects.list"   -mcpu=cortex-m4 -T"/home/nicolas/git/2324_ENSEA_3A/NUCLEO-G431RB_HelloWorld/STM32G431RBTX_FLASH.ld" --specs=nosys.specs -Wl,-Map="NUCLEO-G431RB_HelloWorld.map" -Wl,--gc-sections -static --specs=nano.specs -mfpu=fpv4-sp-d16 -mfloat-abi=hard -mthumb -Wl,--start-group -lc -lm -Wl,--end-group
Finished building target: NUCLEO-G431RB_HelloWorld.elf
 
arm-none-eabi-size   NUCLEO-G431RB_HelloWorld.elf 
arm-none-eabi-objdump -h -S  NUCLEO-G431RB_HelloWorld.elf  > "NUCLEO-G431RB_HelloWorld.list"
   text	   data	    bss	    dec	    hex	filename
  14208	    100	   2108	  16416	   4020	NUCLEO-G431RB_HelloWorld.elf
Finished building: default.size.stdout
 
Finished building: NUCLEO-G431RB_HelloWorld.list
 
19:18:51 **** Incremental Build of configuration Debug for project NUCLEO-G431RB_HelloWorld ****
make -j24 all 
arm-none-eabi-gcc "../Core/Src/main.c" -mcpu=cortex-m4 -std=gnu11 -g3 -DDEBUG -DUSE_HAL_DRIVER -DSTM32G431xx -c -I../Core/Inc -I../Drivers/STM32G4xx_HAL_Driver/Inc -I../Drivers/STM32G4xx_HAL_Driver/Inc/Legacy -I../Drivers/CMSIS/Device/ST/STM32G4xx/Include -I../Drivers/CMSIS/Include -O0 -ffunction-sections -fdata-sections -Wall -fstack-usage -fcyclomatic-complexity -MMD -MP -MF"Core/Src/main.d" -MT"Core/Src/main.o" --specs=nano.specs -mfpu=fpv4-sp-d16 -mfloat-abi=hard -mthumb -o "Core/Src/main.o"
../Core/Src/main.c: In function 'main':
../Core/Src/main.c:93:22: warning: implicit declaration of function 'snprintf' [-Wimplicit-function-declaration]
   93 |         uartTxSize = snprintf((char *)uartTxBuffer, UART_TX_BUFFER_SIZE, "Starting MSC project on Nucleo-G431RB\r\n");
      |                      ^~~~~~~~
../Core/Src/main.c:23:1: note: include '<stdio.h>' or provide a declaration of 'snprintf'
   22 | #include "gpio.h"
  +++ |+#include <stdio.h>
   23 | 
../Core/Src/main.c:93:22: warning: incompatible implicit declaration of built-in function 'snprintf' [-Wbuiltin-declaration-mismatch]
   93 |         uartTxSize = snprintf((char *)uartTxBuffer, UART_TX_BUFFER_SIZE, "Starting MSC project on Nucleo-G431RB\r\n");
      |                      ^~~~~~~~
../Core/Src/main.c:93:22: note: include '<stdio.h>' or provide a declaration of 'snprintf'
arm-none-eabi-gcc -o "NUCLEO-G431RB_HelloWorld.elf" @"objects.list"   -mcpu=cortex-m4 -T"/home/nicolas/git/2324_ENSEA_3A/NUCLEO-G431RB_HelloWorld/STM32G431RBTX_FLASH.ld" --specs=nosys.specs -Wl,-Map="NUCLEO-G431RB_HelloWorld.map" -Wl,--gc-sections -static --specs=nano.specs -mfpu=fpv4-sp-d16 -mfloat-abi=hard -mthumb -Wl,--start-group -lc -lm -Wl,--end-group
Finished building target: NUCLEO-G431RB_HelloWorld.elf
 
arm-none-eabi-size   NUCLEO-G431RB_HelloWorld.elf 
arm-none-eabi-objdump -h -S  NUCLEO-G431RB_HelloWorld.elf  > "NUCLEO-G431RB_HelloWorld.list"
   text	   data	    bss	    dec	    hex	filename
  14208	    100	   2108	  16416	   4020	NUCLEO-G431RB_HelloWorld.elf
Finished building: default.size.stdout
 
Finished building: NUCLEO-G431RB_HelloWorld.list
 
19:19:33 **** Incremental Build of configuration Debug for project NUCLEO-G431RB_HelloWorld ****
make -j24 all 
arm-none-eabi-gcc "../Core/Src/main.c" -mcpu=cortex-m4 -std=gnu11 -g3 -DDEBUG -DUSE_HAL_DRIVER -DSTM32G431xx -c -I../Core/Inc -I../Drivers/STM32G4xx_HAL_Driver/Inc -I../Drivers/STM32G4xx_HAL_Driver/Inc/Legacy -I../Drivers/CMSIS/Device/ST/STM32G4xx/Include -I../Drivers/CMSIS/Include -O0 -ffunction-sections -fdata-sections -Wall -fstack-usage -fcyclomatic-complexity -MMD -MP -MF"Core/Src/main.d" -MT"Core/Src/main.o" --specs=nano.specs -mfpu=fpv4-sp-d16 -mfloat-abi=hard -mthumb -o "Core/Src/main.o"
arm-none-eabi-gcc -o "NUCLEO-G431RB_HelloWorld.elf" @"objects.list"   -mcpu=cortex-m4 -T"/home/nicolas/git/2324_ENSEA_3A/NUCLEO-G431RB_HelloWorld/STM32G431RBTX_FLASH.ld" --specs=nosys.specs -Wl,-Map="NUCLEO-G431RB_HelloWorld.map" -Wl,--gc-sections -static --specs=nano.specs -mfpu=fpv4-sp-d16 -mfloat-abi=hard -mthumb -Wl,--start-group -lc -lm -Wl,--end-group
Finished building target: NUCLEO-G431RB_HelloWorld.elf
 
arm-none-eabi-size   NUCLEO-G431RB_HelloWorld.elf 
arm-none-eabi-objdump -h -S  NUCLEO-G431RB_HelloWorld.elf  > "NUCLEO-G431RB_HelloWorld.list"
   text	   data	    bss	    dec	    hex	filename
  14208	    100	   2108	  16416	   4020	NUCLEO-G431RB_HelloWorld.elf
Finished building: default.size.stdout
 
Finished building: NUCLEO-G431RB_HelloWorld.list
 
