19:19:33 **** Incremental Build of configuration Debug for project NUCLEO-G431RB_HelloWorld ****
make -j24 all 
arm-none-eabi-gcc "../Core/Src/main.c" -mcpu=cortex-m4 -std=gnu11 -g3 -DDEBUG -DUSE_HAL_DRIVER -DSTM32G431xx -c -I../Core/Inc -I../Drivers/STM32G4xx_HAL_Driver/Inc -I../Drivers/STM32G4xx_HAL_Driver/Inc/Legacy -I../Drivers/CMSIS/Device/ST/STM32G4xx/Include -I../Drivers/CMSIS/Include -O0 -ffunction-sections -fdata-sections -Wall -fstack-usage -fcyclomatic-complexity -MMD -MP -MF"Core/Src/main.d" -MT"Core/Src/main.o" --specs=nano.specs -mfpu=fpv4-sp-d16 -mfloat-abi=hard -mthumb -o "Core/Src/main.o"
arm-none-eabi-gcc -o "NUCLEO-G431RB_HelloWorld.elf" @"objects.list"   -mcpu=cortex-m4 -T"/home/nicolas/git/2324_ENSEA_3A/NUCLEO-G431RB_HelloWorld/STM32G431RBTX_FLASH.ld" --specs=nosys.specs -Wl,-Map="NUCLEO-G431RB_HelloWorld.map" -Wl,--gc-sections -static --specs=nano.specs -mfpu=fpv4-sp-d16 -mfloat-abi=hard -mthumb -Wl,--start-group -lc -lm -Wl,--end-group
Finished building target: NUCLEO-G431RB_HelloWorld.elf
 
arm-none-eabi-size   NUCLEO-G431RB_HelloWorld.elf 
arm-none-eabi-objdump -h -S  NUCLEO-G431RB_HelloWorld.elf  > "NUCLEO-G431RB_HelloWorld.list"
   text	   data	    bss	    dec	    hex	filename
  14208	    100	   2108	  16416	   4020	NUCLEO-G431RB_HelloWorld.elf
Finished building: default.size.stdout
 
Finished building: NUCLEO-G431RB_HelloWorld.list
 

19:19:33 Build Finished. 0 errors, 0 warnings. (took 376ms)

